Copyright 1986-2018 Xilinx, Inc. All Rights Reserved.
---------------------------------------------------------------------------------------------------
| Tool Version      : Vivado v.2018.2 (win64) Build 2258646 Thu Jun 14 20:03:12 MDT 2018
| Date              : Thu Jan  9 23:20:58 2020
| Host              : DESKTOP-HPB531F running 64-bit major release  (build 9200)
| Command           : report_clock_utilization -file design_1_wrapper_clock_utilization_routed.rpt
| Design            : design_1_wrapper
| Device            : xczu3eg-sbva484
| Speed File        : -1  PRODUCTION 1.20 05-21-2018
| Temperature Grade : E
---------------------------------------------------------------------------------------------------

Clock Utilization Report

Table of Contents
-----------------
1. Clock Primitive Utilization
2. Global Clock Resources
3. Global Clock Source Details
4. Clock Regions : Clock Primitives
5. Clock Regions : Load Primitives
6. Clock Regions : Global Clock Summary
7. Clock Regions : Routing Resource Utilization
8. Device Cell Placement Summary for Global Clock g0
9. Device Cell Placement Summary for Global Clock g1
10. Device Cell Placement Summary for Global Clock g2
11. Device Cell Placement Summary for Global Clock g3
12. Device Cell Placement Summary for Global Clock g4
13. Device Cell Placement Summary for Global Clock g5
14. Device Cell Placement Summary for Global Clock g6
15. Clock Region Cell Placement per Global Clock: Region X0Y0
16. Clock Region Cell Placement per Global Clock: Region X1Y0
17. Clock Region Cell Placement per Global Clock: Region X0Y1
18. Clock Region Cell Placement per Global Clock: Region X1Y1
19. Clock Region Cell Placement per Global Clock: Region X0Y2
20. Clock Region Cell Placement per Global Clock: Region X1Y2

1. Clock Primitive Utilization
------------------------------

+------------+------+-----------+-----+--------------+--------+
| Type       | Used | Available | LOC | Clock Region | Pblock |
+------------+------+-----------+-----+--------------+--------+
| BUFGCE     |    5 |        88 |   0 |            0 |      0 |
| BUFGCE_DIV |    0 |        12 |   0 |            0 |      0 |
| BUFGCTRL   |    0 |        24 |   0 |            0 |      0 |
| MMCM       |    0 |         3 |   0 |            0 |      0 |
| PLL        |    0 |         6 |   0 |            0 |      0 |
+------------+------+-----------+-----+--------------+--------+


2. Global Clock Resources
-------------------------

+-----------+-----------+-----------------+------------+------------------+--------------+------+-------------------+-------------------+-------------+-----------------+--------------+-----------------------------------------------------------------------------------------------------+-----------------------------------------------------------------------------------------------------+------------------------------------------------------------------------------------+
| Global Id | Source Id | Driver Type/Pin | Constraint | Site             | Clock Region | Root | Clock Delay Group | Load Clock Region | Clock Loads | Non-Clock Loads | Clock Period | Clock                                                                                               | Driver Pin                                                                                          | Net                                                                                |
+-----------+-----------+-----------------+------------+------------------+--------------+------+-------------------+-------------------+-------------+-----------------+--------------+-----------------------------------------------------------------------------------------------------+-----------------------------------------------------------------------------------------------------+------------------------------------------------------------------------------------+
| g0        | src0      | BUFG_PS/O       | None       | BUFG_PS_X0Y49    | X0Y2         | X0Y1 |                   |                 4 |       15179 |               0 |        6.666 | clk_pl_1                                                                                            | design_1_i/zynq_ultra_ps_e_0/inst/buffer_pl_clk_1.PL_CLK_1_BUFG/O                                   | design_1_i/zynq_ultra_ps_e_0/inst/pl_clk1                                          |
| g1        | src0      | BUFG_PS/O       | None       | BUFG_PS_X0Y48    | X0Y2         | X0Y1 |                   |                 5 |        4438 |               0 |       10.000 | clk_pl_0                                                                                            | design_1_i/zynq_ultra_ps_e_0/inst/buffer_pl_clk_0.PL_CLK_0_BUFG/O                                   | design_1_i/zynq_ultra_ps_e_0/inst/pl_clk0                                          |
| g2        | src1      | BUFGCE/O        | None       | BUFGCE_X0Y26     | X1Y1         | X1Y1 |                   |                 4 |         460 |               0 |       50.000 | dbg_hub/inst/BSCANID.u_xsdbm_id/SWITCH_N_EXT_BSCAN.bscan_inst/SERIES7_BSCAN.bscan_inst/INTERNAL_TCK | dbg_hub/inst/BSCANID.u_xsdbm_id/SWITCH_N_EXT_BSCAN.u_bufg_icon_tck/O                                | dbg_hub/inst/BSCANID.u_xsdbm_id/itck_i                                             |
| g3        | src2      | BUFGCE/O        | None       | BUFGCE_HDIO_X0Y4 | X0Y2         | X0Y1 |                   |                 2 |         408 |               2 |              |                                                                                                     | cam_pixel_clk_IBUF_BUFG_inst/O                                                                      | cam_pixel_clk_IBUF_BUFGCE                                                          |
| g4        | src3      | BUFGCE/O        | None       | BUFGCE_X0Y14     | X1Y0         | X1Y0 | n/a               |                 2 |           0 |            1890 |          n/a | n/a                                                                                                 | design_1_i/image_processing_ip_0/inst/AddWeighted_U0/image_processing_rcU_U75/ce_r_reg_bufg_place/O | design_1_i/image_processing_ip_0/inst/AddWeighted_U0/image_processing_rcU_U75/ce_r |
| g5        | src4      | BUFGCE/O        | None       | BUFGCE_X0Y44     | X1Y1         | X1Y1 | n/a               |                 3 |           0 |            2455 |          n/a | n/a                                                                                                 | design_1_i/rst_ps8_0_150M/U0/ACTIVE_LOW_PR_OUT_DFF[0].FDRE_PER_N_bufg_place/O                       | design_1_i/rst_ps8_0_150M/U0/peripheral_aresetn[0]                                 |
| g6        | src5      | BUFGCE/O        | None       | BUFGCE_X0Y38     | X1Y1         | X1Y1 | n/a               |                 2 |           0 |            2795 |          n/a | n/a                                                                                                 | design_1_i/v_cfa_0/U0/cfa_top_inst/axi_control/intc_if[0]_INST_0_bufg_place/O                       | design_1_i/v_cfa_0/U0/cfa_top_inst/axi_control/intc_if[0]                          |
+-----------+-----------+-----------------+------------+------------------+--------------+------+-------------------+-------------------+-------------+-----------------+--------------+-----------------------------------------------------------------------------------------------------+-----------------------------------------------------------------------------------------------------+------------------------------------------------------------------------------------+
* Clock Loads column represents the clock pin loads (pin count)
** Non-Clock Loads column represents the non-clock pin loads (pin count)


3. Global Clock Source Details
------------------------------

+-----------+-----------+-----------------+------------+------------------+--------------+-------------+-----------------+---------------------+-----------------------------------------------------------------------------------------------------+--------------------------------------------------------------------------------------------+-----------------------------------------------------------------------------------------------+
| Source Id | Global Id | Driver Type/Pin | Constraint | Site             | Clock Region | Clock Loads | Non-Clock Loads | Source Clock Period | Source Clock                                                                                        | Driver Pin                                                                                 | Net                                                                                           |
+-----------+-----------+-----------------+------------+------------------+--------------+-------------+-----------------+---------------------+-----------------------------------------------------------------------------------------------------+--------------------------------------------------------------------------------------------+-----------------------------------------------------------------------------------------------+
| src0      | g1        | PS8/PLCLK[0]    | None       | PS8_X0Y0         | X0Y0         |           1 |               0 |              10.000 | clk_pl_0                                                                                            | design_1_i/zynq_ultra_ps_e_0/inst/PS8_i/PLCLK[0]                                           | design_1_i/zynq_ultra_ps_e_0/inst/pl_clk_unbuffered[0]                                        |
| src0      | g0        | PS8/PLCLK[1]    | None       | PS8_X0Y0         | X0Y0         |           1 |               0 |               6.666 | clk_pl_1                                                                                            | design_1_i/zynq_ultra_ps_e_0/inst/PS8_i/PLCLK[1]                                           | design_1_i/zynq_ultra_ps_e_0/inst/pl_clk_unbuffered[1]                                        |
| src1      | g2        | BSCANE2/TCK     | None       | CONFIG_SITE_X0Y0 | X1Y1         |           1 |               0 |              50.000 | dbg_hub/inst/BSCANID.u_xsdbm_id/SWITCH_N_EXT_BSCAN.bscan_inst/SERIES7_BSCAN.bscan_inst/INTERNAL_TCK | dbg_hub/inst/BSCANID.u_xsdbm_id/SWITCH_N_EXT_BSCAN.bscan_inst/SERIES7_BSCAN.bscan_inst/TCK | dbg_hub/inst/BSCANID.u_xsdbm_id/SWITCH_N_EXT_BSCAN.bscan_inst/tck_bs                          |
| src2      | g3        | IBUFCTRL/O      | IOB_X0Y112 | IOB_X0Y112       | X0Y2         |           1 |               0 |                     |                                                                                                     | cam_pixel_clk_IBUF_inst/IBUFCTRL_INST/O                                                    | cam_pixel_clk_IBUF_inst/O                                                                     |
| src3      | g4        | FDRE/Q          | None       | SLICE_X26Y17     | X0Y0         |           1 |             442 |                     |                                                                                                     | design_1_i/image_processing_ip_0/inst/AddWeighted_U0/image_processing_rcU_U75/ce_r_reg/Q   | design_1_i/image_processing_ip_0/inst/AddWeighted_U0/image_processing_rcU_U75/ce_r_bufg_place |
| src4      | g5        | FDRE/Q          | None       | SLICE_X4Y74      | X0Y1         |           1 |             168 |                     |                                                                                                     | design_1_i/rst_ps8_0_150M/U0/ACTIVE_LOW_PR_OUT_DFF[0].FDRE_PER_N/Q                         | design_1_i/rst_ps8_0_150M/U0/peripheral_aresetn[0]_bufg_place                                 |
| src5      | g6        | LUT2/O          | None       | SLICE_X6Y71      | X0Y1         |           1 |             456 |                     |                                                                                                     | design_1_i/v_cfa_0/U0/cfa_top_inst/axi_control/intc_if[0]_INST_0/O                         | design_1_i/v_cfa_0/U0/cfa_top_inst/axi_control/intc_if[0]_bufg_place                          |
+-----------+-----------+-----------------+------------+------------------+--------------+-------------+-----------------+---------------------+-----------------------------------------------------------------------------------------------------+--------------------------------------------------------------------------------------------+-----------------------------------------------------------------------------------------------+
* Clock Loads column represents the clock pin loads (pin count)
** Non-Clock Loads column represents the non-clock pin loads (pin count)


4. Clock Regions : Clock Primitives
-----------------------------------

+-------------------+--------------+--------------+--------------+--------------+--------------+--------------+--------------+
|                   | Global Clock |    BUFGCE    |  BUFGCE_DIV  |   BUFGCTRL   |    BUFG_GT   |     MMCM     |      PLL     |
+-------------------+------+-------+------+-------+------+-------+------+-------+------+-------+------+-------+------+-------+
| Clock Region Name | Used | Avail | Used | Avail | Used | Avail | Used | Avail | Used | Avail | Used | Avail | Used | Avail |
+-------------------+------+-------+------+-------+------+-------+------+-------+------+-------+------+-------+------+-------+
| X0Y0              |    4 |    24 |    0 |     4 |    0 |     0 |    0 |     0 |    0 |     0 |    0 |     0 |    0 |     0 |
| X1Y0              |    3 |    24 |    1 |    28 |    0 |     4 |    0 |     8 |    0 |     0 |    0 |     1 |    0 |     2 |
| X0Y1              |    6 |    24 |    0 |     4 |    0 |     0 |    0 |     0 |    0 |     0 |    0 |     0 |    0 |     0 |
| X1Y1              |    5 |    24 |    3 |    24 |    0 |     4 |    0 |     8 |    0 |     0 |    0 |     1 |    0 |     2 |
| X0Y2              |    6 |    24 |    1 |     4 |    0 |     0 |    0 |     0 |    0 |     0 |    0 |     0 |    0 |     0 |
| X1Y2              |    4 |    24 |    0 |    24 |    0 |     4 |    0 |     8 |    0 |     0 |    0 |     1 |    0 |     2 |
+-------------------+------+-------+------+-------+------+-------+------+-------+------+-------+------+-------+------+-------+
* Global Clock column represents track count; while other columns represents cell counts


5. Clock Regions : Load Primitives
----------------------------------

+-------------------+------------------+------------------+------------------+------------------+------------------+------------------+------------------+
|                   |   Global Clock   |        FF        |      LUTRAM      |  Block RAM (18K) |        DSP       |        GT        |      HARD IP     |
+-------------------+--------+---------+--------+---------+--------+---------+--------+---------+--------+---------+--------+---------+--------+---------+
| Clock Region Name | Used   | Avail   | Used   | Avail   | Used   | Avail   | Used   | Avail   | Used   | Avail   | Used   | Avail   | Used   | Avail   |
+-------------------+--------+---------+--------+---------+--------+---------+--------+---------+--------+---------+--------+---------+--------+---------+
| X0Y0              |      4 |      24 |   9253 |   27840 |    402 |    4800 |     17 |      72 |     25 |      72 |      0 |       0 |      0 |       0 |
| X1Y0              |      3 |      24 |   1702 |   19200 |     31 |    4800 |      0 |      72 |     14 |      48 |      0 |       0 |      0 |       0 |
| X0Y1              |      6 |      24 |   7453 |   27840 |    501 |    4800 |     30 |      72 |     17 |      72 |      0 |       0 |      0 |       0 |
| X1Y1              |      5 |      24 |    317 |   19200 |      7 |    4800 |     12 |      72 |      0 |      48 |      0 |       0 |      0 |       0 |
| X0Y2              |      6 |      24 |    511 |   27840 |      0 |    4800 |      0 |      72 |      0 |      72 |      0 |       0 |      0 |       0 |
| X1Y2              |      4 |      24 |     85 |   19200 |      0 |    4800 |      0 |      72 |      0 |      48 |      0 |       0 |      0 |       0 |
+-------------------+--------+---------+--------+---------+--------+---------+--------+---------+--------+---------+--------+---------+--------+---------+
* Global Clock column represents track count; while other columns represents cell counts


6. Clock Regions : Global Clock Summary
---------------------------------------

All Modules
+----+----+----+
|    | X0 | X1 |
+----+----+----+
| Y2 |  5 |  4 |
| Y1 |  6 |  5 |
| Y0 |  4 |  3 |
+----+----+----+


7. Clock Regions : Routing Resource Utilization
-----------------------------------------------

All Modules
+-------------------+----------------------+----------------------+----------------------+----------------------+
|                   |        HROUTES       |        HDISTRS       |        VROUTES       |        VDISTRS       |
+-------------------+------+-------+-------+------+-------+-------+------+-------+-------+------+-------+-------+
| Clock Region Name | Used | Avail | Util% | Used | Avail | Util% | Used | Avail | Util% | Used | Avail | Util% |
+-------------------+------+-------+-------+------+-------+-------+------+-------+-------+------+-------+-------+
| X0Y0              |    0 |    24 |  0.00 |    4 |    24 | 16.67 |    0 |    24 |  0.00 |    2 |    24 |  8.33 |
| X1Y0              |    0 |    24 |  0.00 |    3 |    24 | 12.50 |    0 |    24 |  0.00 |    1 |    24 |  4.17 |
| X0Y1              |    0 |    24 |  0.00 |    6 |    24 | 25.00 |    3 |    24 | 12.50 |    3 |    24 | 12.50 |
| X1Y1              |    0 |    24 |  0.00 |    5 |    24 | 20.83 |    0 |    24 |  0.00 |    3 |    24 | 12.50 |
| X0Y2              |    3 |    24 | 12.50 |    5 |    24 | 20.83 |    3 |    24 | 12.50 |    0 |    24 |  0.00 |
| X1Y2              |    0 |    24 |  0.00 |    4 |    24 | 16.67 |    0 |    24 |  0.00 |    0 |    24 |  0.00 |
+-------------------+------+-------+-------+------+-------+-------+------+-------+-------+------+-------+-------+


8. Device Cell Placement Summary for Global Clock g0
----------------------------------------------------

+-----------+-----------------+-------------------+----------+-------------+---------------+----------+-------------+----------+----------------+----------+-------------------------------------------+
| Global Id | Driver Type/Pin | Driver Region (D) | Clock    | Period (ns) | Waveform (ns) | Root (R) | Slice Loads | IO Loads | Clocking Loads | GT Loads | Net                                       |
+-----------+-----------------+-------------------+----------+-------------+---------------+----------+-------------+----------+----------------+----------+-------------------------------------------+
| g0        | BUFG_PS/O       | X0Y2              | clk_pl_1 |       6.666 | {0.000 3.333} | X0Y1     |       15155 |        0 |              0 |        0 | design_1_i/zynq_ultra_ps_e_0/inst/pl_clk1 |
+-----------+-----------------+-------------------+----------+-------------+---------------+----------+-------------+----------+----------------+----------+-------------------------------------------+
* Logic Loads column represents load cell count of all cell types other than IO, GT and clock resources
** IO Loads column represents load cell count of IO types
*** Clocking Loads column represents load cell count that are clock resources (global clock buffer, MMCM, PLL, etc)
**** GT Loads column represents load cell count of GT types


+----+----------+-------+
|    | X0       | X1    |
+----+----------+-------+
| Y2 |  (D) 276 |     0 |
| Y1 | (R) 5774 |     0 |
| Y0 |     7358 |  1747 |
+----+----------+-------+


9. Device Cell Placement Summary for Global Clock g1
----------------------------------------------------

+-----------+-----------------+-------------------+----------+-------------+---------------+----------+-------------+----------+----------------+----------+-------------------------------------------+
| Global Id | Driver Type/Pin | Driver Region (D) | Clock    | Period (ns) | Waveform (ns) | Root (R) | Slice Loads | IO Loads | Clocking Loads | GT Loads | Net                                       |
+-----------+-----------------+-------------------+----------+-------------+---------------+----------+-------------+----------+----------------+----------+-------------------------------------------+
| g1        | BUFG_PS/O       | X0Y2              | clk_pl_0 |      10.000 | {0.000 5.000} | X0Y1     |        4337 |        0 |              0 |        0 | design_1_i/zynq_ultra_ps_e_0/inst/pl_clk0 |
+-----------+-----------------+-------------------+----------+-------------+---------------+----------+-------------+----------+----------------+----------+-------------------------------------------+
* Logic Loads column represents load cell count of all cell types other than IO, GT and clock resources
** IO Loads column represents load cell count of IO types
*** Clocking Loads column represents load cell count that are clock resources (global clock buffer, MMCM, PLL, etc)
**** GT Loads column represents load cell count of GT types


+----+----------+------+
|    | X0       | X1   |
+----+----------+------+
| Y2 |  (D) 152 |   19 |
| Y1 | (R) 1715 |  114 |
| Y0 |     2337 |    0 |
+----+----------+------+


10. Device Cell Placement Summary for Global Clock g2
-----------------------------------------------------

+-----------+-----------------+-------------------+-----------------------------------------------------------------------------------------------------+-------------+----------------+----------+-------------+----------+----------------+----------+----------------------------------------+
| Global Id | Driver Type/Pin | Driver Region (D) | Clock                                                                                               | Period (ns) | Waveform (ns)  | Root (R) | Slice Loads | IO Loads | Clocking Loads | GT Loads | Net                                    |
+-----------+-----------------+-------------------+-----------------------------------------------------------------------------------------------------+-------------+----------------+----------+-------------+----------+----------------+----------+----------------------------------------+
| g2        | BUFGCE/O        | X1Y1              | dbg_hub/inst/BSCANID.u_xsdbm_id/SWITCH_N_EXT_BSCAN.bscan_inst/SERIES7_BSCAN.bscan_inst/INTERNAL_TCK |      50.000 | {0.000 25.000} | X1Y1     |         458 |        0 |              0 |        0 | dbg_hub/inst/BSCANID.u_xsdbm_id/itck_i |
+-----------+-----------------+-------------------+-----------------------------------------------------------------------------------------------------+-------------+----------------+----------+-------------+----------+----------------+----------+----------------------------------------+
* Logic Loads column represents load cell count of all cell types other than IO, GT and clock resources
** IO Loads column represents load cell count of IO types
*** Clocking Loads column represents load cell count that are clock resources (global clock buffer, MMCM, PLL, etc)
**** GT Loads column represents load cell count of GT types


+----+-----+-------------+
|    | X0  | X1          |
+----+-----+-------------+
| Y2 |  83 |          66 |
| Y1 |  93 | (R) (D) 216 |
| Y0 |   0 |           0 |
+----+-----+-------------+


11. Device Cell Placement Summary for Global Clock g3
-----------------------------------------------------

+-----------+-----------------+-------------------+-------+-------------+---------------+----------+-------------+----------+----------------+----------+---------------------------+
| Global Id | Driver Type/Pin | Driver Region (D) | Clock | Period (ns) | Waveform (ns) | Root (R) | Slice Loads | IO Loads | Clocking Loads | GT Loads | Net                       |
+-----------+-----------------+-------------------+-------+-------------+---------------+----------+-------------+----------+----------------+----------+---------------------------+
| g3        | BUFGCE/O        | X0Y2              |       |             |               | X0Y1     |         410 |        0 |              0 |        0 | cam_pixel_clk_IBUF_BUFGCE |
+-----------+-----------------+-------------------+-------+-------------+---------------+----------+-------------+----------+----------------+----------+---------------------------+
* Logic Loads column represents load cell count of all cell types other than IO, GT and clock resources
** IO Loads column represents load cell count of IO types
*** Clocking Loads column represents load cell count that are clock resources (global clock buffer, MMCM, PLL, etc)
**** GT Loads column represents load cell count of GT types


+----+---------+----+
|    | X0      | X1 |
+----+---------+----+
| Y2 |   (D) 0 |  0 |
| Y1 | (R) 408 |  2 |
| Y0 |       0 |  0 |
+----+---------+----+


12. Device Cell Placement Summary for Global Clock g4
-----------------------------------------------------

+-----------+-----------------+-------------------+-------+-------------+---------------+----------+-------------+----------+----------------+----------+------------------------------------------------------------------------------------+
| Global Id | Driver Type/Pin | Driver Region (D) | Clock | Period (ns) | Waveform (ns) | Root (R) | Slice Loads | IO Loads | Clocking Loads | GT Loads | Net                                                                                |
+-----------+-----------------+-------------------+-------+-------------+---------------+----------+-------------+----------+----------------+----------+------------------------------------------------------------------------------------+
| g4        | BUFGCE/O        | X1Y0              |       |             |               | X1Y0     |        1854 |        0 |              0 |        0 | design_1_i/image_processing_ip_0/inst/AddWeighted_U0/image_processing_rcU_U75/ce_r |
+-----------+-----------------+-------------------+-------+-------------+---------------+----------+-------------+----------+----------------+----------+------------------------------------------------------------------------------------+
* Logic Loads column represents load cell count of all cell types other than IO, GT and clock resources
** IO Loads column represents load cell count of IO types
*** Clocking Loads column represents load cell count that are clock resources (global clock buffer, MMCM, PLL, etc)
**** GT Loads column represents load cell count of GT types


+----+------+--------------+
|    | X0   | X1           |
+----+------+--------------+
| Y2 |    0 |            0 |
| Y1 |    0 |            0 |
| Y0 |  638 | (R) (D) 1216 |
+----+------+--------------+


13. Device Cell Placement Summary for Global Clock g5
-----------------------------------------------------

+-----------+-----------------+-------------------+-------+-------------+---------------+----------+-------------+----------+----------------+----------+----------------------------------------------------+
| Global Id | Driver Type/Pin | Driver Region (D) | Clock | Period (ns) | Waveform (ns) | Root (R) | Slice Loads | IO Loads | Clocking Loads | GT Loads | Net                                                |
+-----------+-----------------+-------------------+-------+-------------+---------------+----------+-------------+----------+----------------+----------+----------------------------------------------------+
| g5        | BUFGCE/O        | X1Y1              |       |             |               | X1Y1     |        2426 |        0 |              0 |        0 | design_1_i/rst_ps8_0_150M/U0/peripheral_aresetn[0] |
+-----------+-----------------+-------------------+-------+-------------+---------------+----------+-------------+----------+----------------+----------+----------------------------------------------------+
* Logic Loads column represents load cell count of all cell types other than IO, GT and clock resources
** IO Loads column represents load cell count of IO types
*** Clocking Loads column represents load cell count that are clock resources (global clock buffer, MMCM, PLL, etc)
**** GT Loads column represents load cell count of GT types


+----+-------+-----------+
|    | X0    | X1        |
+----+-------+-----------+
| Y2 |   125 |         0 |
| Y1 |  1848 | (R) (D) 0 |
| Y0 |   453 |         0 |
+----+-------+-----------+


14. Device Cell Placement Summary for Global Clock g6
-----------------------------------------------------

+-----------+-----------------+-------------------+-------+-------------+---------------+----------+-------------+----------+----------------+----------+-----------------------------------------------------------+
| Global Id | Driver Type/Pin | Driver Region (D) | Clock | Period (ns) | Waveform (ns) | Root (R) | Slice Loads | IO Loads | Clocking Loads | GT Loads | Net                                                       |
+-----------+-----------------+-------------------+-------+-------------+---------------+----------+-------------+----------+----------------+----------+-----------------------------------------------------------+
| g6        | BUFGCE/O        | X1Y1              |       |             |               | X1Y1     |        2766 |        0 |              0 |        0 | design_1_i/v_cfa_0/U0/cfa_top_inst/axi_control/intc_if[0] |
+-----------+-----------------+-------------------+-------+-------------+---------------+----------+-------------+----------+----------------+----------+-----------------------------------------------------------+
* Logic Loads column represents load cell count of all cell types other than IO, GT and clock resources
** IO Loads column represents load cell count of IO types
*** Clocking Loads column represents load cell count that are clock resources (global clock buffer, MMCM, PLL, etc)
**** GT Loads column represents load cell count of GT types


+----+-------+-----------+
|    | X0    | X1        |
+----+-------+-----------+
| Y2 |   159 |         0 |
| Y1 |  2607 | (R) (D) 0 |
| Y0 |     0 |         0 |
+----+-------+-----------+


15. Clock Region Cell Placement per Global Clock: Region X0Y0
-------------------------------------------------------------

+-----------+-------+-----------------+------------+-------------+-----------------+------+--------+------+-----+----+------+-----+---------+------------------------------------------------------------------------------------+
| Global Id | Track | Driver Type/Pin | Constraint | Clock Loads | Non-Clock Loads | FF   | LUTRAM | RAMB | DSP | GT | MMCM | PLL | Hard IP | Net                                                                                |
+-----------+-------+-----------------+------------+-------------+-----------------+------+--------+------+-----+----+------+-----+---------+------------------------------------------------------------------------------------+
| g0        | 1     | BUFG_PS/O       | None       |        7358 |               0 | 6964 |    355 |   13 |  25 |  0 |    0 |   0 |       0 | design_1_i/zynq_ultra_ps_e_0/inst/pl_clk1                                          |
| g1        | 0     | BUFG_PS/O       | None       |        2337 |               0 | 2289 |     47 |    0 |   0 |  0 |    0 |   0 |       0 | design_1_i/zynq_ultra_ps_e_0/inst/pl_clk0                                          |
| g4        | 14    | BUFGCE/O        | None       |           0 |             638 |  626 |      0 |    0 |  12 |  0 |    0 |   0 |       0 | design_1_i/image_processing_ip_0/inst/AddWeighted_U0/image_processing_rcU_U75/ce_r |
| g5        | 20    | BUFGCE/O        | None       |           0 |             453 |  453 |      0 |    0 |   0 |  0 |    0 |   0 |       0 | design_1_i/rst_ps8_0_150M/U0/peripheral_aresetn[0]                                 |
+-----------+-------+-----------------+------------+-------------+-----------------+------+--------+------+-----+----+------+-----+---------+------------------------------------------------------------------------------------+
* Clock Loads column represents the clock pin loads (pin count)
** Non-Clock Loads column represents the non-clock pin loads (pin count)
*** Columns FF, LUTRAM, RAMB through 'Hard IP' represents load cell counts


16. Clock Region Cell Placement per Global Clock: Region X1Y0
-------------------------------------------------------------

+-----------+-------+-----------------+------------+-------------+-----------------+------+--------+------+-----+----+------+-----+---------+------------------------------------------------------------------------------------+
| Global Id | Track | Driver Type/Pin | Constraint | Clock Loads | Non-Clock Loads | FF   | LUTRAM | RAMB | DSP | GT | MMCM | PLL | Hard IP | Net                                                                                |
+-----------+-------+-----------------+------------+-------------+-----------------+------+--------+------+-----+----+------+-----+---------+------------------------------------------------------------------------------------+
| g0        | 1     | BUFG_PS/O       | None       |        1747 |               0 | 1702 |     31 |    0 |  14 |  0 |    0 |   0 |       0 | design_1_i/zynq_ultra_ps_e_0/inst/pl_clk1                                          |
| g4        | 14    | BUFGCE/O        | None       |           0 |            1216 | 1204 |      0 |    0 |  12 |  0 |    0 |   0 |       0 | design_1_i/image_processing_ip_0/inst/AddWeighted_U0/image_processing_rcU_U75/ce_r |
| g5+       | 20    | BUFGCE/O        | None       |           0 |               0 |    0 |      0 |    0 |   0 |  0 |    0 |   0 |       0 | design_1_i/rst_ps8_0_150M/U0/peripheral_aresetn[0]                                 |
+-----------+-------+-----------------+------------+-------------+-----------------+------+--------+------+-----+----+------+-----+---------+------------------------------------------------------------------------------------+
* Clock Loads column represents the clock pin loads (pin count)
** Non-Clock Loads column represents the non-clock pin loads (pin count)
*** Columns FF, LUTRAM, RAMB through 'Hard IP' represents load cell counts
**** In Global Id column, sympbol '+' indicates that global clock was used only to route through the clock region.


17. Clock Region Cell Placement per Global Clock: Region X0Y1
-------------------------------------------------------------

+-----------+-------+-----------------+------------+-------------+-----------------+------+--------+------+-----+----+------+-----+---------+-----------------------------------------------------------+
| Global Id | Track | Driver Type/Pin | Constraint | Clock Loads | Non-Clock Loads | FF   | LUTRAM | RAMB | DSP | GT | MMCM | PLL | Hard IP | Net                                                       |
+-----------+-------+-----------------+------------+-------------+-----------------+------+--------+------+-----+----+------+-----+---------+-----------------------------------------------------------+
| g0        | 1     | BUFG_PS/O       | None       |        5774 |               0 | 5344 |    405 |    8 |  17 |  0 |    0 |   0 |       0 | design_1_i/zynq_ultra_ps_e_0/inst/pl_clk1                 |
| g1        | 0     | BUFG_PS/O       | None       |        1715 |               0 | 1610 |     95 |   10 |   0 |  0 |    0 |   0 |       0 | design_1_i/zynq_ultra_ps_e_0/inst/pl_clk0                 |
| g2        | 2     | BUFGCE/O        | None       |          93 |               0 |   93 |      0 |    0 |   0 |  0 |    0 |   0 |       0 | dbg_hub/inst/BSCANID.u_xsdbm_id/itck_i                    |
| g3        | 8     | BUFGCE/O        | None       |         408 |               0 |  406 |      1 |    1 |   0 |  0 |    0 |   0 |       0 | cam_pixel_clk_IBUF_BUFGCE                                 |
| g5        | 20    | BUFGCE/O        | None       |           0 |            1848 | 1840 |      0 |    0 |   8 |  0 |    0 |   0 |       0 | design_1_i/rst_ps8_0_150M/U0/peripheral_aresetn[0]        |
| g6        | 14    | BUFGCE/O        | None       |           0 |            2607 | 2599 |      0 |    0 |   8 |  0 |    0 |   0 |       0 | design_1_i/v_cfa_0/U0/cfa_top_inst/axi_control/intc_if[0] |
+-----------+-------+-----------------+------------+-------------+-----------------+------+--------+------+-----+----+------+-----+---------+-----------------------------------------------------------+
* Clock Loads column represents the clock pin loads (pin count)
** Non-Clock Loads column represents the non-clock pin loads (pin count)
*** Columns FF, LUTRAM, RAMB through 'Hard IP' represents load cell counts


18. Clock Region Cell Placement per Global Clock: Region X1Y1
-------------------------------------------------------------

+-----------+-------+-----------------+------------+-------------+-----------------+-----+--------+------+-----+----+------+-----+---------+-----------------------------------------------------------+
| Global Id | Track | Driver Type/Pin | Constraint | Clock Loads | Non-Clock Loads | FF  | LUTRAM | RAMB | DSP | GT | MMCM | PLL | Hard IP | Net                                                       |
+-----------+-------+-----------------+------------+-------------+-----------------+-----+--------+------+-----+----+------+-----+---------+-----------------------------------------------------------+
| g1        | 0     | BUFG_PS/O       | None       |         114 |               0 | 101 |      7 |    6 |   0 |  0 |    0 |   0 |       0 | design_1_i/zynq_ultra_ps_e_0/inst/pl_clk0                 |
| g2        | 2     | BUFGCE/O        | None       |         216 |               0 | 216 |      0 |    0 |   0 |  0 |    0 |   0 |       0 | dbg_hub/inst/BSCANID.u_xsdbm_id/itck_i                    |
| g3        | 8     | BUFGCE/O        | None       |           0 |               2 |   0 |      1 |    0 |   0 |  0 |    0 |   0 |       0 | cam_pixel_clk_IBUF_BUFGCE                                 |
| g5+       | 20    | BUFGCE/O        | None       |           0 |               0 |   0 |      0 |    0 |   0 |  0 |    0 |   0 |       0 | design_1_i/rst_ps8_0_150M/U0/peripheral_aresetn[0]        |
| g6+       | 14    | BUFGCE/O        | None       |           0 |               0 |   0 |      0 |    0 |   0 |  0 |    0 |   0 |       0 | design_1_i/v_cfa_0/U0/cfa_top_inst/axi_control/intc_if[0] |
+-----------+-------+-----------------+------------+-------------+-----------------+-----+--------+------+-----+----+------+-----+---------+-----------------------------------------------------------+
* Clock Loads column represents the clock pin loads (pin count)
** Non-Clock Loads column represents the non-clock pin loads (pin count)
*** Columns FF, LUTRAM, RAMB through 'Hard IP' represents load cell counts
**** In Global Id column, sympbol '+' indicates that global clock was used only to route through the clock region.


19. Clock Region Cell Placement per Global Clock: Region X0Y2
-------------------------------------------------------------

+-----------+-------+-----------------+------------+-------------+-----------------+-----+--------+------+-----+----+------+-----+---------+-----------------------------------------------------------+
| Global Id | Track | Driver Type/Pin | Constraint | Clock Loads | Non-Clock Loads | FF  | LUTRAM | RAMB | DSP | GT | MMCM | PLL | Hard IP | Net                                                       |
+-----------+-------+-----------------+------------+-------------+-----------------+-----+--------+------+-----+----+------+-----+---------+-----------------------------------------------------------+
| g0        | 1     | BUFG_PS/O       | None       |         276 |               0 | 276 |      0 |    0 |   0 |  0 |    0 |   0 |       0 | design_1_i/zynq_ultra_ps_e_0/inst/pl_clk1                 |
| g1        | 0     | BUFG_PS/O       | None       |         152 |               0 | 152 |      0 |    0 |   0 |  0 |    0 |   0 |       0 | design_1_i/zynq_ultra_ps_e_0/inst/pl_clk0                 |
| g2        | 2     | BUFGCE/O        | None       |          83 |               0 |  83 |      0 |    0 |   0 |  0 |    0 |   0 |       0 | dbg_hub/inst/BSCANID.u_xsdbm_id/itck_i                    |
| g3+       | 8     | BUFGCE/O        | None       |           0 |               0 |   0 |      0 |    0 |   0 |  0 |    0 |   0 |       0 | cam_pixel_clk_IBUF_BUFGCE                                 |
| g5        | 20    | BUFGCE/O        | None       |           0 |             125 | 125 |      0 |    0 |   0 |  0 |    0 |   0 |       0 | design_1_i/rst_ps8_0_150M/U0/peripheral_aresetn[0]        |
| g6        | 14    | BUFGCE/O        | None       |           0 |             159 | 159 |      0 |    0 |   0 |  0 |    0 |   0 |       0 | design_1_i/v_cfa_0/U0/cfa_top_inst/axi_control/intc_if[0] |
+-----------+-------+-----------------+------------+-------------+-----------------+-----+--------+------+-----+----+------+-----+---------+-----------------------------------------------------------+
* Clock Loads column represents the clock pin loads (pin count)
** Non-Clock Loads column represents the non-clock pin loads (pin count)
*** Columns FF, LUTRAM, RAMB through 'Hard IP' represents load cell counts
**** In Global Id column, sympbol '+' indicates that global clock was used only to route through the clock region.


20. Clock Region Cell Placement per Global Clock: Region X1Y2
-------------------------------------------------------------

+-----------+-------+-----------------+------------+-------------+-----------------+----+--------+------+-----+----+------+-----+---------+-----------------------------------------------------------+
| Global Id | Track | Driver Type/Pin | Constraint | Clock Loads | Non-Clock Loads | FF | LUTRAM | RAMB | DSP | GT | MMCM | PLL | Hard IP | Net                                                       |
+-----------+-------+-----------------+------------+-------------+-----------------+----+--------+------+-----+----+------+-----+---------+-----------------------------------------------------------+
| g1        | 0     | BUFG_PS/O       | None       |          19 |               0 | 19 |      0 |    0 |   0 |  0 |    0 |   0 |       0 | design_1_i/zynq_ultra_ps_e_0/inst/pl_clk0                 |
| g2        | 2     | BUFGCE/O        | None       |          66 |               0 | 66 |      0 |    0 |   0 |  0 |    0 |   0 |       0 | dbg_hub/inst/BSCANID.u_xsdbm_id/itck_i                    |
| g5+       | 20    | BUFGCE/O        | None       |           0 |               0 |  0 |      0 |    0 |   0 |  0 |    0 |   0 |       0 | design_1_i/rst_ps8_0_150M/U0/peripheral_aresetn[0]        |
| g6+       | 14    | BUFGCE/O        | None       |           0 |               0 |  0 |      0 |    0 |   0 |  0 |    0 |   0 |       0 | design_1_i/v_cfa_0/U0/cfa_top_inst/axi_control/intc_if[0] |
+-----------+-------+-----------------+------------+-------------+-----------------+----+--------+------+-----+----+------+-----+---------+-----------------------------------------------------------+
* Clock Loads column represents the clock pin loads (pin count)
** Non-Clock Loads column represents the non-clock pin loads (pin count)
*** Columns FF, LUTRAM, RAMB through 'Hard IP' represents load cell counts
**** In Global Id column, sympbol '+' indicates that global clock was used only to route through the clock region.


